// Jest Snapshot v1, https://goo.gl/fbAQLP

exports[`Home component should render with given state from Redux store. 1`] = `
<main
  className="MuiContainer-root MuiContainer-maxWidthXl"
  data-testid="main-container"
>
  <h5
    className="MuiTypography-root makeStyles-root-1 MuiTypography-h5 MuiTypography-alignCenter"
  >
    Strona główna
    <br />
    <button
      className="MuiButtonBase-root MuiButton-root MuiButton-contained MuiButton-containedPrimary"
      disabled={false}
      onBlur={[Function]}
      onClick={[Function]}
      onDragLeave={[Function]}
      onFocus={[Function]}
      onKeyDown={[Function]}
      onKeyUp={[Function]}
      onMouseDown={[Function]}
      onMouseLeave={[Function]}
      onMouseUp={[Function]}
      onTouchEnd={[Function]}
      onTouchMove={[Function]}
      onTouchStart={[Function]}
      tabIndex={0}
      type="button"
    >
      <span
        className="MuiButton-label"
      >
        Test button
      </span>
    </button>
  </h5>
</main>
`;
